// Jest Snapshot v1, https://goo.gl/fbAQLP

exports[`color component test renders the color component 1`] = `
<dl>
  <dt>
    Name
  </dt>
  <dd>
    Stil de Grain Yellow
  </dd>
  <dt>
    Hex
  </dt>
  <dd>
    #F4D35E
  </dd>
  <dt>
    RGB
  </dt>
  <dd>
    R: 244
  </dd>
  <dd>
    G: 211
  </dd>
  <dd>
    B: 94
  </dd>
</dl>
`;
