// Jest Snapshot v1, https://goo.gl/fbAQLP

exports[`dog component tests renders a dog with stats 1`] = `
<dl>
  <dt>
    Name:
  </dt>
  <dd>
    Ruby
  </dd>
  <dt>
    Age
  </dt>
  <dd>
    2
  </dd>
  <dt>
    Weight
  </dt>
  <dd>
    7.5 lbs
  </dd>
</dl>
`;
