// Jest Snapshot v1, https://goo.gl/fbAQLP

exports[`header test renders the header 1`] = `
<header
  style={
    Object {
      "display": "flex",
      "height": "2em",
      "justifyContent": "space-between",
      "padding": "1em",
    }
  }
>
  <img
    src="https://upload.wikimedia.org/wikipedia/commons/thumb/7/73/Ruby_logo.svg/1024px-Ruby_logo.svg.png"
    style={
      Object {
        "height": "100%",
      }
    }
  />
  <h1
    style={
      Object {
        "margin": 0,
      }
    }
  >
    My Dogs
  </h1>
</header>
`;
